DISTRIBUTION;SOLVER;NETWORK_FILE;PARAMETER_FILE;PERC_BUDGET;EDGE_COST_MULT;CAPACITY;SEED;BUDGET;TOTAL_NB_SCE;NB_SAA_PROB;NB_SAA_SCE;NB_TEST_SAA;STATUS;LB;UB;GAP;TIME;NB_BRANCH_NODES;VAR_BRANCH_NODES;STAT_LB;STAT_UB;STAT_GAP;VAR_LB;VAR_UB;VAR_GAP;NB_SAA_NOT_SOLVED;VALID_INEQUALITY_SAA;IT_HOT_START;PAPADAKOS;USE_CALLBACK;USER_CUTS;VALID_INEQUALITY_EV;TRUST_REGION;
Discrete Choice;EV;../data/usa/39nodes4facilities.txt;../data/params.txt;0.5;10;2;4000;;;;;;2;10458.123541;10458.123541;0.000000;0.009693;1.000000;;;;;;;;;;;;;;;;
Discrete Choice;EEV_SAA;../data/usa/39nodes4facilities.txt;../data/params.txt;0.5;10;2;4000;174407.955000;;0;0;50000;2;12228.882077;12228.882077;0.000000;0.000000;0;0;;12275.046641;;;792.373210;;;;;;;;;;
Discrete Choice;EEV;../data/usa/39nodes4facilities.txt;../data/params.txt;0.5;10;2;4000;;324;;;;2;12251.469080;12251.469080;0.000000;7.460560;0;;;;;;;;;;;;;;;;
