DISTRIBUTION;SOLVER;NETWORK_FILE;PARAMETER_FILE;PERC_BUDGET;EDGE_COST_MULT;CAPACITY;SEED;BUDGET;TOTAL_NB_SCE;NB_SAA_PROB;NB_SAA_SCE;NB_TEST_SAA;STATUS;LB;UB;GAP;TIME;NB_BRANCH_NODES;VAR_BRANCH_NODES;STAT_LB;STAT_UB;STAT_GAP;VAR_LB;VAR_UB;VAR_GAP;NB_SAA_NOT_SOLVED;VALID_INEQUALITY_SAA;IT_HOT_START;PAPADAKOS;USE_CALLBACK;USER_CUTS;VALID_INEQUALITY_EV;TRUST_REGION;
Discrete Choice;EV;../data/usa/48nodes4facilities.txt;../data/params.txt;0.5;10;2;0;;;;;;2;11338.370385;11338.370385;0.000000;0.011671;1.000000;;;;;;;;;;;;;;;;
Discrete Choice;EEV_SAA;../data/usa/48nodes4facilities.txt;../data/params.txt;0.5;10;2;0;186069.525000;;0;0;50000;2;13409.396363;13409.396363;0.000000;0.000000;0;0;;13459.835721;;;945.913428;;;;;;;;;;
Discrete Choice;EEV;../data/usa/48nodes4facilities.txt;../data/params.txt;0.5;10;2;0;;324;;;;2;13449.201830;13449.201830;0.000000;0.859267;0;;;;;;;;;;;;;;;;
