DISTRIBUTION;SOLVER;NETWORK_FILE;PARAMETER_FILE;PERC_BUDGET;EDGE_COST_MULT;CAPACITY;SEED;BUDGET;TOTAL_NB_SCE;NB_SAA_PROB;NB_SAA_SCE;NB_TEST_SAA;STATUS;LB;UB;GAP;TIME;NB_BRANCH_NODES;VAR_BRANCH_NODES;STAT_LB;STAT_UB;STAT_GAP;VAR_LB;VAR_UB;VAR_GAP;NB_SAA_NOT_SOLVED;VALID_INEQUALITY_SAA;IT_HOT_START;PAPADAKOS;USE_CALLBACK;USER_CUTS;VALID_INEQUALITY_EV;TRUST_REGION;
Binomial;EV;../data/usa/48nodes5facilities.txt;../data/params.txt;0.5;10;2;0;;;;;;2;9253.133760;9253.133760;0.000000;0.008657;1.000000;;;;;;;;;1;;;;;;;
Binomial;EEV_SAA;../data/usa/48nodes5facilities.txt;../data/params.txt;0.5;10;2;0;190717.025000;;0;0;50000;2;10626.140653;10626.140653;0.000000;0.000000;0;0;;10666.040456;;;591.907432;;;1;;;;;;;
Binomial;EEV;../data/usa/48nodes5facilities.txt;../data/params.txt;0.5;10;2;0;;972;;;;2;10669.810460;10669.810460;0.000000;30.010317;0;;;;;;;;;1;;;;;;;
